2026-09-05 19:43:17 Loaded main app package /usr/lib/obsidian/obsidian.asar
2026-09-05 19:43:17 Checking for update using Github
2026-09-05 19:43:17 Success.
2026-09-05 19:43:17 Latest version is 1.13.7
2026-09-05 19:43:17 App is up to date.
2026-09-05 20:43:17 Checking for update using Github
2026-09-05 20:43:17 Success.
2026-09-05 20:43:17 Latest version is 1.13.7
2026-09-05 20:43:17 App is up to date.
2026-09-05 21:43:17 Checking for update using Github
2026-09-05 21:43:17 Success.
2026-09-05 21:43:17 Latest version is 1.13.7
2026-09-05 21:43:17 App is up to date.
2026-09-05 22:43:17 Checking for update using Github
2026-09-05 22:43:17 Success.
2026-09-05 22:43:17 Latest version is 1.13.7
2026-09-05 22:43:17 App is up to date.
2026-09-06 02:29:30 Loaded main app package /usr/lib/obsidian/obsidian.asar
2026-09-06 02:29:30 Checking for update using Github
2026-09-06 02:29:31 Success.
2026-09-06 02:29:31 Latest version is 1.13.7
2026-09-06 02:29:31 App is up to date.
2026-09-06 03:29:30 Checking for update using Github
2026-09-06 03:29:31 Success.
2026-09-06 03:29:31 Latest version is 1.13.7
2026-09-06 03:29:31 App is up to date.
2026-09-06 04:29:30 Checking for update using Github
2026-09-06 04:29:31 Success.
2026-09-06 04:29:31 Latest version is 1.13.7
2026-09-06 04:29:31 App is up to date.
2026-09-06 07:45:49 Loaded main app package /usr/lib/obsidian/obsidian.asar
2026-09-06 07:45:50 Checking for update using Github
2026-09-06 07:45:50 Success.
2026-09-06 07:45:50 Latest version is 1.13.7
2026-09-06 07:45:50 App is up to date.
2026-09-06 07:53:59 Checking for update using Github
2026-09-06 07:53:59 Success.
2026-09-06 07:53:59 Latest version is 1.13.7
2026-09-06 07:53:59 App is up to date.
2026-09-06 14:04:07 Loaded main app package /usr/lib/obsidian/obsidian.asar
2026-09-06 14:04:08 Checking for update using Github
2026-09-06 14:04:08 Success.
2026-09-06 14:04:08 Latest version is 1.13.7
2026-09-06 14:04:08 App is up to date.
2026-09-06 15:04:07 Checking for update using Github
2026-09-06 15:04:08 Success.
2026-09-06 15:04:08 Latest version is 1.13.7
2026-09-06 15:04:08 App is up to date.
2026-09-06 16:04:08 Checking for update using Github
2026-09-06 16:04:08 Success.
2026-09-06 16:04:08 Latest version is 1.13.7
2026-09-06 16:04:08 App is up to date.
2026-09-06 17:04:08 Checking for update using Github
2026-09-06 17:04:08 Success.
2026-09-06 17:04:08 Latest version is 1.13.7
2026-09-06 17:04:08 App is up to date.
2026-09-06 18:04:08 Checking for update using Github
2026-09-06 18:04:08 Success.
2026-09-06 18:04:08 Latest version is 1.13.7
2026-09-06 18:04:08 App is up to date.
2026-09-06 19:04:08 Checking for update using Github
2026-09-06 19:04:08 Success.
2026-09-06 19:04:08 Latest version is 1.13.7
2026-09-06 19:04:08 App is up to date.
2026-09-06 20:12:39 Checking for update using Github
2026-09-07 03:51:46 Loaded main app package /usr/lib/obsidian/obsidian.asar
2026-09-07 03:51:46 Checking for update using Github
2026-09-07 03:51:47 Success.
2026-09-07 03:51:47 Latest version is 1.13.7
2026-09-07 03:51:47 App is up to date.
2026-09-07 04:51:46 Checking for update using Github
2026-09-07 04:51:47 Success.
2026-09-07 04:51:47 Latest version is 1.13.7
2026-09-07 04:51:47 App is up to date.
2026-09-07 06:36:00 Loaded main app package /usr/lib/obsidian/obsidian.asar
2026-09-07 06:36:00 Checking for update using Github
2026-09-07 06:36:00 Success.
2026-09-07 06:36:00 Latest version is 1.13.7
2026-09-07 06:36:00 App is up to date.
2026-09-07 07:03:49 Checking for update using Github
2026-09-07 07:03:49 Success.
2026-09-07 07:03:49 Latest version is 1.13.7
2026-09-07 07:03:49 App is up to date.
2026-09-07 07:24:07 Loaded main app package /usr/lib/obsidian/obsidian.asar
2026-09-07 07:36:00 Checking for update using Github
2026-09-07 07:36:00 Success.
2026-09-07 07:36:00 Latest version is 1.13.7
2026-09-07 07:36:00 App is up to date.
2026-09-07 08:36:00 Checking for update using Github
2026-09-07 08:36:00 Success.
2026-09-07 08:36:00 Latest version is 1.13.7
2026-09-07 08:36:00 App is up to date.
2026-09-07 08:37:19 Loaded main app package /usr/lib/obsidian/obsidian.asar
2026-09-07 08:37:19 Checking for update using Github
2026-09-07 08:37:19 Success.
2026-09-07 08:37:19 Latest version is 1.13.7
2026-09-07 08:37:19 App is up to date.
2026-09-07 08:38:56 Loaded main app package /usr/lib/obsidian/obsidian.asar
2026-09-07 08:38:57 Checking for update using Github
2026-09-07 08:38:57 Success.
2026-09-07 08:38:57 Latest version is 1.13.7
2026-09-07 08:38:57 App is up to date.
2026-09-07 09:38:57 Checking for update using Github
2026-09-07 09:38:57 Success.
2026-09-07 09:38:57 Latest version is 1.13.7
2026-09-07 09:38:57 App is up to date.
2026-09-07 16:22:16 Loaded main app package /usr/lib/obsidian/obsidian.asar
2026-09-07 16:22:16 Checking for update using Github
2026-09-07 16:22:17 Success.
2026-09-07 16:22:17 Latest version is 1.13.7
2026-09-07 16:22:17 App is up to date.
2026-09-07 16:41:10 Loaded main app package /usr/lib/obsidian/obsidian.asar
2026-09-07 17:14:28 Loaded main app package /usr/lib/obsidian/obsidian.asar
2026-09-07 17:22:16 Checking for update using Github
2026-09-07 17:22:16 Success.
2026-09-07 17:22:16 Latest version is 1.13.7
2026-09-07 17:22:16 App is up to date.
2026-09-07 18:22:16 Checking for update using Github
2026-09-07 18:22:17 Success.
2026-09-07 18:22:17 Latest version is 1.13.7
2026-09-07 18:22:17 App is up to date.
2026-09-07 19:22:18 Checking for update using Github
2026-09-07 19:22:18 Success.
2026-09-07 19:22:18 Latest version is 1.13.7
2026-09-07 19:22:18 App is up to date.
2026-09-07 20:22:18 Checking for update using Github
2026-09-07 20:22:18 Success.
2026-09-07 20:22:18 Latest version is 1.13.7
2026-09-07 20:22:18 App is up to date.
2026-09-07 21:22:18 Checking for update using Github
2026-09-07 21:22:18 Success.
2026-09-07 21:22:18 Latest version is 1.13.7
2026-09-07 21:22:18 App is up to date.
2026-09-07 22:22:18 Checking for update using Github
2026-09-07 22:22:18 Success.
2026-09-07 22:22:18 Latest version is 1.13.7
2026-09-07 22:22:18 App is up to date.
2026-09-09 15:53:04 Loaded main app package /usr/lib/obsidian/obsidian.asar
2026-09-09 15:53:05 Checking for update using Github
2026-09-09 15:53:05 Success.
2026-09-09 15:53:05 Latest version is 1.13.7
2026-09-09 15:53:05 App is up to date.
2026-09-09 16:52:50 Loaded main app package /usr/lib/obsidian/obsidian.asar
2026-09-09 16:52:50 Checking for update using Github
2026-09-09 16:52:51 Success.
2026-09-09 16:52:51 Latest version is 1.13.7
2026-09-09 16:52:51 App is up to date.
2026-09-09 16:53:30 Loaded main app package /usr/lib/obsidian/obsidian.asar
2026-09-09 17:52:50 Checking for update using Github
2026-09-09 17:52:50 Success.
2026-09-09 17:52:50 Latest version is 1.13.7
2026-09-09 17:52:50 App is up to date.
2026-09-09 18:52:51 Checking for update using Github
2026-09-09 18:52:51 Success.
2026-09-09 18:52:51 Latest version is 1.13.7
2026-09-09 18:52:51 App is up to date.
2026-09-09 19:06:55 Loaded main app package /usr/lib/obsidian/obsidian.asar
2026-09-09 19:06:56 Checking for update using Github
2026-09-09 19:06:56 Success.
2026-09-09 19:06:56 Latest version is 1.13.7
2026-09-09 19:06:56 App is up to date.
2026-09-09 20:06:56 Checking for update using Github
2026-09-09 20:06:56 Success.
2026-09-09 20:06:56 Latest version is 1.13.7
2026-09-09 20:06:56 App is up to date.
2026-09-09 21:06:56 Checking for update using Github
2026-09-09 21:06:56 Success.
2026-09-09 21:06:56 Latest version is 1.13.7
2026-09-09 21:06:56 App is up to date.
2026-09-09 22:06:56 Checking for update using Github
2026-09-09 22:06:56 Success.
2026-09-09 22:06:56 Latest version is 1.13.7
2026-09-09 22:06:56 App is up to date.
2026-09-09 23:06:56 Checking for update using Github
2026-09-09 23:06:56 Success.
2026-09-09 23:06:56 Latest version is 1.13.7
2026-09-09 23:06:56 App is up to date.
2026-09-09 23:19:12 Loaded main app package /usr/lib/obsidian/obsidian.asar
2026-09-10 00:06:56 Checking for update using Github
2026-09-10 00:06:56 Success.
2026-09-10 00:06:56 Latest version is 1.13.7
2026-09-10 00:06:56 App is up to date.
2026-09-10 01:06:56 Checking for update using Github
2026-09-10 01:06:56 Success.
2026-09-10 01:06:56 Latest version is 1.13.7
2026-09-10 01:06:56 App is up to date.
2026-09-10 02:06:56 Checking for update using Github
2026-09-10 02:06:56 Success.
2026-09-10 02:06:56 Latest version is 1.13.7
2026-09-10 02:06:56 App is up to date.
2026-09-10 03:06:56 Checking for update using Github
2026-09-10 03:06:56 Success.
2026-09-10 03:06:56 Latest version is 1.13.7
2026-09-10 03:06:56 App is up to date.
2026-09-10 04:06:56 Checking for update using Github
2026-09-10 04:06:56 Success.
2026-09-10 04:06:56 Latest version is 1.13.7
2026-09-10 04:06:56 App is up to date.
2026-09-10 05:06:56 Checking for update using Github
2026-09-10 05:06:56 Success.
2026-09-10 05:06:56 Latest version is 1.13.7
2026-09-10 05:06:56 App is up to date.
2026-09-10 05:33:52 Loaded main app package /usr/lib/obsidian/obsidian.asar
2026-09-10 05:51:33 Loaded main app package /usr/lib/obsidian/obsidian.asar
2026-09-10 06:06:56 Checking for update using Github
2026-09-10 06:06:56 Success.
2026-09-10 06:06:56 Latest version is 1.13.7
2026-09-10 06:06:56 App is up to date.
2026-09-10 07:06:56 Checking for update using Github
2026-09-10 07:06:56 Success.
2026-09-10 07:06:56 Latest version is 1.13.7
2026-09-10 07:06:56 App is up to date.
2026-09-10 08:06:56 Checking for update using Github
2026-09-10 08:06:56 Success.
2026-09-10 08:06:56 Latest version is 1.13.7
2026-09-10 08:06:56 App is up to date.
2026-09-10 09:06:56 Checking for update using Github
2026-09-10 09:06:57 Success.
2026-09-10 09:06:57 Latest version is 1.13.7
2026-09-10 09:06:57 App is up to date.
2026-09-10 10:30:13 Checking for update using Github
2026-09-10 10:30:14 Success.
2026-09-10 10:30:14 Latest version is 1.13.7
2026-09-10 10:30:14 App is up to date.
2026-09-10 12:32:02 Checking for update using Github
2026-09-10 12:32:03 Success.
2026-09-10 12:32:03 Latest version is 1.13.7
2026-09-10 12:32:03 App is up to date.
2026-09-10 14:09:01 Checking for update using Github
2026-09-10 14:09:02 Success.
2026-09-10 14:09:02 Latest version is 1.13.7
2026-09-10 14:09:02 App is up to date.
2026-09-11 02:46:25 Loaded main app package /usr/lib/obsidian/obsidian.asar
2026-09-11 02:46:25 Checking for update using Github
2026-09-11 02:46:25 Success.
2026-09-11 02:46:25 Latest version is 1.13.7
2026-09-11 02:46:25 App is up to date.
2026-09-11 03:17:33 Loaded main app package /usr/lib/obsidian/obsidian.asar
2026-09-11 03:17:34 Checking for update using Github
2026-09-11 03:17:34 Success.
2026-09-11 03:17:34 Latest version is 1.13.7
2026-09-11 03:17:34 App is up to date.
2026-09-11 04:17:33 Checking for update using Github
2026-09-11 04:17:33 Success.
2026-09-11 04:17:33 Latest version is 1.13.7
2026-09-11 04:17:33 App is up to date.
2026-09-11 05:16:15 Loaded main app package /usr/lib/obsidian/obsidian.asar
2026-09-11 05:16:15 Checking for update using Github
2026-09-11 05:16:15 Success.
2026-09-11 05:16:15 Latest version is 1.13.7
2026-09-11 05:16:15 App is up to date.
2026-09-11 06:16:15 Checking for update using Github
2026-09-11 06:16:15 Success.
2026-09-11 06:16:15 Latest version is 1.13.7
2026-09-11 06:16:15 App is up to date.
2026-09-11 06:26:52 Loaded main app package /usr/lib/obsidian/obsidian.asar
2026-09-11 06:26:52 Checking for update using Github
2026-09-11 06:26:52 Success.
2026-09-11 06:26:52 Latest version is 1.13.7
2026-09-11 06:26:52 App is up to date.
2026-09-11 07:26:52 Checking for update using Github
2026-09-11 07:26:52 Success.
2026-09-11 07:26:52 Latest version is 1.13.7
2026-09-11 07:26:52 App is up to date.
2026-09-11 08:25:47 Loaded main app package /usr/lib/obsidian/obsidian.asar
2026-09-11 08:25:47 Checking for update using Github
2026-09-11 08:25:47 Success.
2026-09-11 08:25:47 Latest version is 1.13.7
2026-09-11 08:25:47 App is up to date.
2026-09-11 09:25:47 Checking for update using Github
2026-09-11 09:25:47 Success.
2026-09-11 09:25:47 Latest version is 1.13.7
2026-09-11 09:25:47 App is up to date.
2026-09-11 13:51:11 Loaded main app package /usr/lib/obsidian/obsidian.asar
2026-09-11 13:51:11 Checking for update using Github
2026-09-11 13:51:11 Success.
2026-09-11 13:51:11 Latest version is 1.13.7
2026-09-11 13:51:11 App is up to date.
2026-09-11 14:51:11 Checking for update using Github
2026-09-11 14:51:11 Success.
2026-09-11 14:51:11 Latest version is 1.13.7
2026-09-11 14:51:11 App is up to date.
2026-09-11 15:51:11 Checking for update using Github
2026-09-11 15:51:11 Success.
2026-09-11 15:51:11 Latest version is 1.13.7
2026-09-11 15:51:11 App is up to date.
2026-09-11 16:30:39 Loaded main app package /usr/lib/obsidian/obsidian.asar
2026-09-11 16:30:39 Checking for update using Github
2026-09-11 16:30:40 Success.
2026-09-11 16:30:40 Latest version is 1.13.7
2026-09-11 16:30:40 App is up to date.
2026-09-11 17:30:39 Checking for update using Github
2026-09-11 17:30:39 Success.
2026-09-11 17:30:39 Latest version is 1.13.7
2026-09-11 17:30:39 App is up to date.
2026-09-11 18:30:39 Checking for update using Github
2026-09-11 18:30:39 Success.
2026-09-11 18:30:39 Latest version is 1.13.7
2026-09-11 18:30:39 App is up to date.
2026-09-11 19:30:39 Checking for update using Github
2026-09-11 19:30:40 Success.
2026-09-11 19:30:40 Latest version is 1.13.7
2026-09-11 19:30:40 App is up to date.
2026-09-11 20:30:39 Checking for update using Github
2026-09-11 20:30:40 Success.
2026-09-11 20:30:40 Latest version is 1.13.7
2026-09-11 20:30:40 App is up to date.
2026-09-11 21:30:40 Checking for update using Github
2026-09-11 21:30:40 Success.
2026-09-11 21:30:40 Latest version is 1.13.7
2026-09-11 21:30:40 App is up to date.
2026-09-11 21:33:15 Loaded main app package /usr/lib/obsidian/obsidian.asar
2026-09-11 21:33:24 Loaded main app package /usr/lib/obsidian/obsidian.asar
2026-09-11 22:30:40 Checking for update using Github
2026-09-11 22:30:40 Success.
2026-09-11 22:30:40 Latest version is 1.13.7
2026-09-11 22:30:40 App is up to date.
2026-09-11 23:30:40 Checking for update using Github
2026-09-11 23:30:40 Success.
2026-09-11 23:30:40 Latest version is 1.13.7
2026-09-11 23:30:40 App is up to date.
2026-09-12 00:38:59 Checking for update using Github
2026-09-12 00:38:59 Success.
2026-09-12 00:38:59 Latest version is 1.13.7
2026-09-12 00:38:59 App is up to date.
2026-09-12 01:38:59 Checking for update using Github
2026-09-12 01:38:59 Success.
2026-09-12 01:38:59 Latest version is 1.13.7
2026-09-12 01:38:59 App is up to date.
2026-09-12 01:54:04 Loaded main app package /usr/lib/obsidian/obsidian.asar
2026-09-12 01:54:04 Checking for update using Github
2026-09-12 01:54:04 Success.
2026-09-12 01:54:04 Latest version is 1.13.7
2026-09-12 01:54:04 App is up to date.
2026-09-12 02:00:00 Loaded main app package /usr/lib/obsidian/obsidian.asar
2026-09-12 02:54:04 Checking for update using Github
2026-09-12 02:54:04 Success.
2026-09-12 02:54:04 Latest version is 1.13.7
2026-09-12 02:54:04 App is up to date.
2026-09-12 03:55:44 Loaded main app package /usr/lib/obsidian/obsidian.asar
2026-09-12 03:55:45 Checking for update using Github
2026-09-12 03:55:45 Success.
2026-09-12 03:55:45 Latest version is 1.13.7
2026-09-12 03:55:45 App is up to date.
2026-09-12 04:55:44 Checking for update using Github
2026-09-12 04:55:44 Success.
2026-09-12 04:55:44 Latest version is 1.13.7
2026-09-12 04:55:44 App is up to date.
2026-09-12 05:55:44 Checking for update using Github
2026-09-12 05:55:44 Success.
2026-09-12 05:55:44 Latest version is 1.13.7
2026-09-12 05:55:44 App is up to date.
2026-09-12 06:55:44 Checking for update using Github
2026-09-12 06:55:44 Success.
2026-09-12 06:55:44 Latest version is 1.13.7
2026-09-12 06:55:44 App is up to date.
2026-09-12 07:55:45 Checking for update using Github
2026-09-12 07:55:45 Success.
2026-09-12 07:55:45 Latest version is 1.13.7
2026-09-12 07:55:45 App is up to date.
2026-09-12 12:44:04 Checking for update using Github
2026-09-12 12:44:05 Success.
2026-09-12 12:44:05 Latest version is 1.13.7
2026-09-12 12:44:05 App is up to date.
2026-09-12 12:48:40 Loaded main app package /usr/lib/obsidian/obsidian.asar
2026-09-12 13:34:23 Loaded main app package /usr/lib/obsidian/obsidian.asar
2026-09-12 13:34:23 Checking for update using Github
2026-09-12 13:34:23 Success.
2026-09-12 13:34:23 Latest version is 1.13.7
2026-09-12 13:34:23 App is up to date.
2026-09-12 14:34:23 Checking for update using Github
2026-09-12 14:34:23 Success.
2026-09-12 14:34:23 Latest version is 1.13.7
2026-09-12 14:34:23 App is up to date.
2026-09-12 15:34:23 Checking for update using Github
2026-09-12 15:34:23 Success.
2026-09-12 15:34:23 Latest version is 1.13.7
2026-09-12 15:34:23 App is up to date.
2026-09-12 16:41:02 Checking for update using Github
2026-09-12 16:41:02 Success.
2026-09-12 16:41:02 Latest version is 1.13.7
2026-09-12 16:41:02 App is up to date.
2026-09-12 17:41:02 Checking for update using Github
2026-09-12 17:41:02 Success.
2026-09-12 17:41:02 Latest version is 1.13.7
2026-09-12 17:41:02 App is up to date.
2026-09-12 18:41:02 Checking for update using Github
2026-09-12 18:41:02 Success.
2026-09-12 18:41:02 Latest version is 1.13.7
2026-09-12 18:41:02 App is up to date.
2026-09-12 19:41:02 Checking for update using Github
2026-09-12 19:41:02 Success.
2026-09-12 19:41:02 Latest version is 1.13.7
2026-09-12 19:41:02 App is up to date.
2026-09-12 20:41:02 Checking for update using Github
2026-09-12 20:41:03 Success.
2026-09-12 20:41:03 Latest version is 1.13.7
2026-09-12 20:41:03 App is up to date.
2026-09-12 21:41:03 Checking for update using Github
2026-09-12 21:41:03 Success.
2026-09-12 21:41:03 Latest version is 1.13.7
2026-09-12 21:41:03 App is up to date.
2026-09-12 22:41:03 Checking for update using Github
2026-09-12 22:41:03 Success.
2026-09-12 22:41:03 Latest version is 1.13.7
2026-09-12 22:41:03 App is up to date.
2026-09-12 23:12:07 Loaded main app package /usr/lib/obsidian/obsidian.asar
2026-09-12 23:12:07 Checking for update using Github
2026-09-12 23:12:08 Success.
2026-09-12 23:12:08 Latest version is 1.13.7
2026-09-12 23:12:08 App is up to date.
2026-09-13 00:12:07 Checking for update using Github
2026-09-13 00:12:07 Success.
2026-09-13 00:12:07 Latest version is 1.13.7
2026-09-13 00:12:07 App is up to date.
2026-09-13 01:12:07 Checking for update using Github
2026-09-13 01:12:07 Success.
2026-09-13 01:12:07 Latest version is 1.13.7
2026-09-13 01:12:07 App is up to date.
2026-09-13 02:31:28 Loaded main app package /usr/lib/obsidian/obsidian.asar
2026-09-13 02:31:28 Checking for update using Github
2026-09-13 02:31:29 Success.
2026-09-13 02:31:29 Latest version is 1.13.7
2026-09-13 02:31:29 App is up to date.
2026-09-13 03:31:28 Checking for update using Github
2026-09-13 03:31:28 Success.
2026-09-13 03:31:28 Latest version is 1.13.7
2026-09-13 03:31:28 App is up to date.
2026-09-13 04:31:28 Checking for update using Github
2026-09-13 04:31:28 Success.
2026-09-13 04:31:28 Latest version is 1.13.7
2026-09-13 04:31:28 App is up to date.
2026-09-13 05:31:28 Checking for update using Github
2026-09-13 05:31:28 Success.
2026-09-13 05:31:28 Latest version is 1.13.7
2026-09-13 05:31:28 App is up to date.
2026-09-13 06:31:28 Checking for update using Github
2026-09-13 06:31:29 Success.
2026-09-13 06:31:29 Latest version is 1.13.7
2026-09-13 06:31:29 App is up to date.
2026-09-13 07:31:29 Checking for update using Github
2026-09-13 07:31:29 Success.
2026-09-13 07:31:29 Latest version is 1.13.7
2026-09-13 07:31:29 App is up to date.
2026-09-13 08:31:29 Checking for update using Github
2026-09-13 08:31:29 Success.
2026-09-13 08:31:29 Latest version is 1.13.7
2026-09-13 08:31:29 App is up to date.
2026-09-13 09:31:29 Checking for update using Github
2026-09-13 09:31:29 Success.
2026-09-13 09:31:29 Latest version is 1.13.7
2026-09-13 09:31:29 App is up to date.
2026-09-13 10:31:29 Checking for update using Github
2026-09-13 10:31:29 Success.
2026-09-13 10:31:29 Latest version is 1.13.7
2026-09-13 10:31:29 App is up to date.
2026-09-13 11:31:29 Checking for update using Github
2026-09-13 11:31:29 Success.
2026-09-13 11:31:29 Latest version is 1.13.7
2026-09-13 11:31:29 App is up to date.
2026-09-13 12:31:29 Checking for update using Github
2026-09-13 12:31:29 Success.
2026-09-13 12:31:29 Latest version is 1.13.7
2026-09-13 12:31:29 App is up to date.
2026-09-13 13:31:29 Checking for update using Github
2026-09-13 13:31:29 Success.
2026-09-13 13:31:29 Latest version is 1.13.7
2026-09-13 13:31:29 App is up to date.
2026-09-13 14:31:29 Checking for update using Github
2026-09-13 14:31:29 Success.
2026-09-13 14:31:29 Latest version is 1.13.7
2026-09-13 14:31:29 App is up to date.
2026-09-13 15:31:29 Checking for update using Github
2026-09-13 15:31:29 Success.
2026-09-13 15:31:29 Latest version is 1.13.7
2026-09-13 15:31:29 App is up to date.
2026-09-13 16:31:29 Checking for update using Github
2026-09-13 16:31:29 Success.
2026-09-13 16:31:29 Latest version is 1.13.7
2026-09-13 16:31:29 App is up to date.
2026-09-13 17:31:29 Checking for update using Github
2026-09-13 17:31:29 Success.
2026-09-13 17:31:29 Latest version is 1.13.7
2026-09-13 17:31:29 App is up to date.
2026-09-13 17:55:43 Loaded main app package /usr/lib/obsidian/obsidian.asar
2026-09-13 18:18:05 Loaded main app package /usr/lib/obsidian/obsidian.asar
2026-09-13 18:18:11 Loaded main app package /usr/lib/obsidian/obsidian.asar
2026-09-13 18:24:29 Loaded main app package /usr/lib/obsidian/obsidian.asar
2026-09-13 18:31:29 Checking for update using Github
2026-09-13 18:31:29 Success.
2026-09-13 18:31:29 Latest version is 1.13.7
2026-09-13 18:31:29 App is up to date.
2026-09-13 19:31:29 Checking for update using Github
2026-09-13 19:31:29 Success.
2026-09-13 19:31:29 Latest version is 1.13.7
2026-09-13 19:31:29 App is up to date.
2026-09-13 20:31:29 Checking for update using Github
2026-09-13 20:31:30 Success.
2026-09-13 20:31:30 Latest version is 1.13.7
2026-09-13 20:31:30 App is up to date.
2026-09-13 21:31:29 Checking for update using Github
2026-09-13 21:31:30 Success.
2026-09-13 21:31:30 Latest version is 1.13.7
2026-09-13 21:31:30 App is up to date.
2026-09-13 22:31:29 Checking for update using Github
2026-09-13 22:31:30 Success.
2026-09-13 22:31:30 Latest version is 1.13.7
2026-09-13 22:31:30 App is up to date.
2026-09-13 23:31:29 Checking for update using Github
2026-09-13 23:31:30 Success.
2026-09-13 23:31:30 Latest version is 1.13.7
2026-09-13 23:31:30 App is up to date.
2026-09-14 00:31:30 Checking for update using Github
2026-09-14 00:31:30 Success.
2026-09-14 00:31:30 Latest version is 1.13.7
2026-09-14 00:31:30 App is up to date.
2026-09-14 00:54:08 Loaded main app package /usr/lib/obsidian/obsidian.asar
2026-09-14 01:31:30 Checking for update using Github
2026-09-14 01:31:30 Success.
2026-09-14 01:31:30 Latest version is 1.13.7
2026-09-14 01:31:30 App is up to date.
2026-09-14 02:31:30 Checking for update using Github
2026-09-14 02:31:30 Success.
2026-09-14 02:31:30 Latest version is 1.13.7
2026-09-14 02:31:30 App is up to date.
2026-09-14 03:28:00 Loaded main app package /usr/lib/obsidian/obsidian.asar
2026-09-14 03:31:30 Checking for update using Github
2026-09-14 03:31:30 Success.
2026-09-14 03:31:30 Latest version is 1.13.7
2026-09-14 03:31:30 App is up to date.
2026-09-14 04:31:30 Checking for update using Github
2026-09-14 04:31:30 Success.
2026-09-14 04:31:30 Latest version is 1.13.7
2026-09-14 04:31:30 App is up to date.
2026-09-14 05:31:30 Checking for update using Github
2026-09-14 05:31:30 Success.
2026-09-14 05:31:30 Latest version is 1.13.7
2026-09-14 05:31:30 App is up to date.
2026-09-14 06:31:30 Checking for update using Github
2026-09-14 06:31:30 Success.
2026-09-14 06:31:30 Latest version is 1.13.7
2026-09-14 06:31:30 App is up to date.
2026-09-14 07:31:30 Checking for update using Github
2026-09-14 07:31:30 Success.
2026-09-14 07:31:30 Latest version is 1.13.7
2026-09-14 07:31:30 App is up to date.
2026-09-14 08:31:30 Checking for update using Github
2026-09-14 08:31:30 Success.
2026-09-14 08:31:30 Latest version is 1.13.7
2026-09-14 08:31:30 App is up to date.
2026-09-14 09:31:30 Checking for update using Github
2026-09-14 09:31:30 Success.
2026-09-14 09:31:30 Latest version is 1.13.7
2026-09-14 09:31:30 App is up to date.
2026-09-14 10:31:30 Checking for update using Github
2026-09-14 10:31:30 Success.
2026-09-14 10:31:30 Latest version is 1.13.7
2026-09-14 10:31:30 App is up to date.
2026-09-14 11:31:30 Checking for update using Github
2026-09-14 11:31:30 Success.
2026-09-14 11:31:30 Latest version is 1.13.7
2026-09-14 11:31:30 App is up to date.
2026-09-14 12:31:30 Checking for update using Github
2026-09-14 12:31:30 Success.
2026-09-14 12:31:30 Latest version is 1.13.7
2026-09-14 12:31:30 App is up to date.
2026-09-14 13:31:30 Checking for update using Github
2026-09-14 13:31:30 Success.
2026-09-14 13:31:30 Latest version is 1.13.7
2026-09-14 13:31:30 App is up to date.
2026-09-14 14:31:30 Checking for update using Github
2026-09-14 14:31:30 Success.
2026-09-14 14:31:30 Latest version is 1.13.7
2026-09-14 14:31:30 App is up to date.
2026-09-14 15:31:30 Checking for update using Github
2026-09-14 15:31:30 Success.
2026-09-14 15:31:30 Latest version is 1.13.7
2026-09-14 15:31:30 App is up to date.
2026-09-14 16:31:31 Checking for update using Github
2026-09-14 16:31:31 Success.
2026-09-14 16:31:31 Latest version is 1.13.7
2026-09-14 16:31:31 App is up to date.
2026-09-14 16:47:57 Loaded main app package /usr/lib/obsidian/obsidian.asar
2026-09-14 16:47:57 Checking for update using Github
2026-09-14 16:47:57 Success.
2026-09-14 16:47:57 Latest version is 1.13.7
2026-09-14 16:47:57 App is up to date.
2026-09-14 17:47:57 Checking for update using Github
2026-09-14 17:47:57 Success.
2026-09-14 17:47:57 Latest version is 1.13.7
2026-09-14 17:47:57 App is up to date.
2026-09-14 18:47:57 Checking for update using Github
2026-09-14 18:47:57 Success.
2026-09-14 18:47:57 Latest version is 1.13.7
2026-09-14 18:47:57 App is up to date.
2026-09-14 19:47:57 Checking for update using Github
2026-09-14 19:47:57 Success.
2026-09-14 19:47:57 Latest version is 1.13.7
2026-09-14 19:47:57 App is up to date.
2026-09-14 20:47:57 Checking for update using Github
2026-09-14 20:47:57 Success.
2026-09-14 20:47:57 Latest version is 1.13.7
2026-09-14 20:47:57 App is up to date.
2026-09-14 21:12:41 Loaded main app package /usr/lib/obsidian/obsidian.asar
2026-09-14 21:12:41 Checking for update using Github
2026-09-14 21:12:41 Success.
2026-09-14 21:12:41 Latest version is 1.13.7
2026-09-14 21:12:41 App is up to date.
2026-09-14 21:13:59 Loaded main app package /usr/lib/obsidian/obsidian.asar
2026-09-14 21:13:59 Checking for update using Github
2026-09-14 21:13:59 Success.
2026-09-14 21:13:59 Latest version is 1.13.7
2026-09-14 21:13:59 App is up to date.
2026-09-14 22:13:59 Checking for update using Github
2026-09-14 22:13:59 Success.
2026-09-14 22:13:59 Latest version is 1.13.7
2026-09-14 22:13:59 App is up to date.
2026-09-14 23:13:59 Checking for update using Github
2026-09-14 23:13:59 Success.
2026-09-14 23:13:59 Latest version is 1.13.7
2026-09-14 23:13:59 App is up to date.
2026-09-15 00:13:59 Checking for update using Github
2026-09-15 00:13:59 Success.
2026-09-15 00:13:59 Latest version is 1.13.7
2026-09-15 00:13:59 App is up to date.
2026-09-15 01:13:59 Checking for update using Github
2026-09-15 01:13:59 Success.
2026-09-15 01:13:59 Latest version is 1.13.7
2026-09-15 01:13:59 App is up to date.
2026-09-15 01:40:31 Loaded main app package /usr/lib/obsidian/obsidian.asar
2026-09-15 01:40:32 Checking for update using Github
2026-09-15 01:40:32 Success.
2026-09-15 01:40:32 Latest version is 1.13.7
2026-09-15 01:40:32 App is up to date.
2026-09-15 02:40:31 Checking for update using Github
2026-09-15 02:40:32 Success.
2026-09-15 02:40:32 Latest version is 1.13.7
2026-09-15 02:40:32 App is up to date.
2026-09-15 03:26:32 Loaded main app package /usr/lib/obsidian/obsidian.asar
2026-09-15 03:26:32 Checking for update using Github
2026-09-15 03:26:32 Success.
2026-09-15 03:26:32 Latest version is 1.13.7
2026-09-15 03:26:32 App is up to date.
2026-09-15 04:24:38 Loaded main app package /usr/lib/obsidian/obsidian.asar
2026-09-15 04:24:38 Checking for update using Github
2026-09-15 04:24:38 Success.
2026-09-15 04:24:38 Latest version is 1.13.7
2026-09-15 04:24:38 App is up to date.
2026-09-15 06:41:19 Loaded main app package /usr/lib/obsidian/obsidian.asar
2026-09-15 06:41:19 Checking for update using Github
2026-09-15 06:41:19 Success.
2026-09-15 06:41:19 Latest version is 1.13.7
2026-09-15 06:41:19 App is up to date.
2026-09-15 07:41:19 Checking for update using Github
2026-09-15 07:41:19 Success.
2026-09-15 07:41:19 Latest version is 1.13.7
2026-09-15 07:41:19 App is up to date.
2026-09-15 08:41:19 Checking for update using Github
2026-09-15 08:41:19 Success.
2026-09-15 08:41:19 Latest version is 1.13.7
2026-09-15 08:41:19 App is up to date.
2026-09-15 09:41:19 Checking for update using Github
2026-09-15 09:41:19 Success.
2026-09-15 09:41:19 Latest version is 1.13.7
2026-09-15 09:41:19 App is up to date.
2026-09-15 10:41:19 Checking for update using Github
2026-09-15 10:41:19 Success.
2026-09-15 10:41:19 Latest version is 1.13.7
2026-09-15 10:41:19 App is up to date.
2026-09-15 11:41:19 Checking for update using Github
2026-09-15 11:41:19 Success.
2026-09-15 11:41:19 Latest version is 1.13.7
2026-09-15 11:41:19 App is up to date.
2026-09-15 12:41:19 Checking for update using Github
2026-09-15 12:41:19 Success.
2026-09-15 12:41:19 Latest version is 1.13.7
2026-09-15 12:41:19 App is up to date.
2026-09-15 13:41:19 Checking for update using Github
2026-09-15 13:41:19 Success.
2026-09-15 13:41:19 Latest version is 1.13.7
2026-09-15 13:41:19 App is up to date.
2026-09-15 14:41:19 Checking for update using Github
2026-09-15 14:41:19 Success.
2026-09-15 14:41:19 Latest version is 1.13.7
2026-09-15 14:41:19 App is up to date.
2026-09-15 15:41:19 Checking for update using Github
2026-09-15 15:41:19 Success.
2026-09-15 15:41:19 Latest version is 1.13.7
2026-09-15 15:41:19 App is up to date.
2026-09-15 16:41:19 Checking for update using Github
2026-09-15 16:41:20 Success.
2026-09-15 16:41:20 Latest version is 1.13.7
2026-09-15 16:41:20 App is up to date.
2026-09-15 17:41:20 Checking for update using Github
2026-09-15 17:41:20 Success.
2026-09-15 17:41:20 Latest version is 1.13.7
2026-09-15 17:41:20 App is up to date.
2026-09-15 18:41:20 Checking for update using Github
2026-09-15 18:41:20 Success.
2026-09-15 18:41:20 Latest version is 1.13.7
2026-09-15 18:41:20 App is up to date.
2026-09-15 19:02:38 Loaded main app package /usr/lib/obsidian/obsidian.asar
2026-09-15 19:02:38 Checking for update using Github
2026-09-15 19:02:38 Success.
2026-09-15 19:02:38 Latest version is 1.13.7
2026-09-15 19:02:38 App is up to date.
2026-09-15 20:02:38 Checking for update using Github
2026-09-15 20:02:38 Success.
2026-09-15 20:02:38 Latest version is 1.13.7
2026-09-15 20:02:38 App is up to date.
2026-09-15 21:02:38 Checking for update using Github
2026-09-15 21:02:38 Success.
2026-09-15 21:02:38 Latest version is 1.13.7
2026-09-15 21:02:38 App is up to date.
2026-09-15 22:02:38 Checking for update using Github
2026-09-15 22:02:38 Success.
2026-09-15 22:02:38 Latest version is 1.13.7
2026-09-15 22:02:38 App is up to date.
2026-09-15 23:02:38 Checking for update using Github
2026-09-15 23:02:38 Success.
2026-09-15 23:02:38 Latest version is 1.13.7
2026-09-15 23:02:38 App is up to date.
2026-09-16 00:02:38 Checking for update using Github
2026-09-16 00:02:38 Success.
2026-09-16 00:02:38 Latest version is 1.13.7
2026-09-16 00:02:38 App is up to date.
2026-09-16 00:07:06 Loaded main app package /usr/lib/obsidian/obsidian.asar
2026-09-16 01:02:38 Checking for update using Github
2026-09-16 01:02:38 Success.
2026-09-16 01:02:38 Latest version is 1.13.7
2026-09-16 01:02:38 App is up to date.
2026-09-16 02:02:38 Checking for update using Github
2026-09-16 02:02:38 Success.
2026-09-16 02:02:38 Latest version is 1.13.7
2026-09-16 02:02:38 App is up to date.
2026-09-16 03:02:38 Checking for update using Github
2026-09-16 03:02:38 Success.
2026-09-16 03:02:38 Latest version is 1.13.7
2026-09-16 03:02:38 App is up to date.
2026-09-16 03:43:43 Loaded main app package /usr/lib/obsidian/obsidian.asar
2026-09-16 03:43:44 Checking for update using Github
2026-09-16 03:43:44 Success.
2026-09-16 03:43:44 Latest version is 1.13.7
2026-09-16 03:43:44 App is up to date.
2026-09-16 03:44:15 Loaded main app package /usr/lib/obsidian/obsidian.asar
2026-09-16 04:25:59 Loaded main app package /usr/lib/obsidian/obsidian.asar
2026-09-16 04:43:43 Checking for update using Github
2026-09-16 04:43:44 Success.
2026-09-16 04:43:44 Latest version is 1.13.7
2026-09-16 04:43:44 App is up to date.
2026-09-16 05:00:38 Loaded main app package /usr/lib/obsidian/obsidian.asar
2026-09-16 05:00:38 Checking for update using Github
2026-09-16 05:00:39 Success.
2026-09-16 05:00:39 Latest version is 1.13.7
2026-09-16 05:00:39 App is up to date.
2026-09-16 05:20:03 Loaded main app package /usr/lib/obsidian/obsidian.asar
2026-09-16 05:20:03 Checking for update using Github
2026-09-16 05:20:03 Success.
2026-09-16 05:20:03 Latest version is 1.13.7
2026-09-16 05:20:03 App is up to date.
2026-09-16 05:51:58 Loaded main app package /usr/lib/obsidian/obsidian.asar
2026-09-16 05:51:58 Checking for update using Github
2026-09-16 05:51:58 Success.
2026-09-16 05:51:58 Latest version is 1.13.7
2026-09-16 05:51:58 App is up to date.
2026-09-16 06:36:30 Loaded main app package /usr/lib/obsidian/obsidian.asar
2026-09-16 06:36:30 Checking for update using Github
2026-09-16 06:36:31 Success.
2026-09-16 06:36:31 Latest version is 1.13.7
2026-09-16 06:36:31 App is up to date.
2026-09-16 06:45:39 Loaded main app package /usr/lib/obsidian/obsidian.asar
2026-09-16 06:45:39 Checking for update using Github
2026-09-16 06:45:39 Success.
2026-09-16 06:45:39 Latest version is 1.13.7
2026-09-16 06:45:39 App is up to date.
2026-09-16 06:50:08 Loaded main app package /usr/lib/obsidian/obsidian.asar
2026-09-16 06:50:08 Checking for update using Github
2026-09-16 06:50:08 Success.
2026-09-16 06:50:08 Latest version is 1.13.7
2026-09-16 06:50:08 App is up to date.
2026-09-16 07:07:39 Loaded main app package /usr/lib/obsidian/obsidian.asar
2026-09-16 07:07:39 Checking for update using Github
2026-09-16 07:07:39 Success.
2026-09-16 07:07:39 Latest version is 1.13.7
2026-09-16 07:07:39 App is up to date.
2026-09-16 07:38:51 Loaded main app package /usr/lib/obsidian/obsidian.asar
2026-09-16 07:38:51 Checking for update using Github
2026-09-16 07:38:51 Success.
2026-09-16 07:38:51 Latest version is 1.13.7
2026-09-16 07:38:51 App is up to date.
2026-09-16 08:38:51 Checking for update using Github
2026-09-16 08:38:51 Success.
2026-09-16 08:38:51 Latest version is 1.13.7
2026-09-16 08:38:51 App is up to date.
2026-09-17 00:44:05 Loaded main app package /usr/lib/obsidian/obsidian.asar
2026-09-17 00:44:05 Checking for update using Github
2026-09-17 00:44:05 Success.
2026-09-17 00:44:05 Latest version is 1.13.7
2026-09-17 00:44:05 App is up to date.
2026-09-17 01:11:01 Loaded main app package /usr/lib/obsidian/obsidian.asar
2026-09-17 01:11:01 Checking for update using Github
2026-09-17 01:11:01 Success.
2026-09-17 01:11:01 Latest version is 1.13.7
2026-09-17 01:11:01 App is up to date.
